Microchip MPLAB XC8 Compiler V2.46

Linker command line:

-W-3 \
  --edf=C:\Program Files\Microchip\xc8\v2.46\pic\dat\20240104201356_en.msgs \
  -pivt0x8=08h -cn -h+dist/default/debug\IDE620_FactoryFW.X.debug.sym \
  --cmf=dist/default/debug\IDE620_FactoryFW.X.debug.cmf -z -Q18F57Q43 \
  -oC:\Users\micro\AppData\Local\Temp\xcAs168.\driver_tmp_3.o \
  --defsym=__MPLAB_BUILD=1 --fixupoverflow=error \
  -Mdist/default/debug/IDE620_FactoryFW.X.debug.map \
  --md=C:\Users\micro\AppData\Local\Temp\xcAs168.\driver_tmp_0.dat -E1 \
  -ver=XC8 Compiler --acfsm=1493 -ACODE=00h-01FFFFh -ACONST=00h-01FFFFh \
  -ASMALLCONST=02500h-025FFhx475 \
  -AMEDIUMCONST=02500h-0FFFFh,012500h-01FFFFh -ACOMRAM=0501h-055Fh \
  -AABS1=0500h-024FFh -ABIGRAM=0501h-024FFh \
  -ARAM=0560h-05FFh,0600h-06FFhx31 -ABANK5=0560h-05FFh -ABANK6=0600h-06FFh \
  -ABANK7=0700h-07FFh -ABANK8=0800h-08FFh -ABANK9=0900h-09FFh \
  -ABANK10=0A00h-0AFFh -ABANK11=0B00h-0BFFh -ABANK12=0C00h-0CFFh \
  -ABANK13=0D00h-0DFFh -ABANK14=0E00h-0EFFh -ABANK15=0F00h-0FFFh \
  -ABANK16=01000h-010FFh -ABANK17=01100h-011FFh -ABANK18=01200h-012FFh \
  -ABANK19=01300h-013FFh -ABANK20=01400h-014FFh -ABANK21=01500h-015FFh \
  -ABANK22=01600h-016FFh -ABANK23=01700h-017FFh -ABANK24=01800h-018FFh \
  -ABANK25=01900h-019FFh -ABANK26=01A00h-01AFFh -ABANK27=01B00h-01BFFh \
  -ABANK28=01C00h-01CFFh -ABANK29=01D00h-01DFFh -ABANK30=01E00h-01EFFh \
  -ABANK31=01F00h-01FFFh -ABANK32=02000h-020FFh -ABANK33=02100h-021FFh \
  -ABANK34=02200h-022FFh -ABANK35=02300h-023FFh -ABANK36=02400h-024FFh \
  -ASFR=00h-0FFhx4,0400h-045Fh,0460h-04FFh,02500h-025FFh \
  -ABIGSFR=00h-04FFh,02500h-025FFh -ACONFIG=0300000h-0300011h \
  -AIDLOC=0200000h-020003Fh -AEEDATA=0380000h-03803FFh -peeprom_data=EEDATA \
  -preset_vec=00h -ppowerup=CODE,init -pramtop=02500h \
  -psmallconst=SMALLCONST -pmediumconst=MEDIUMCONST -pconst=CONST \
  -AFARRAM=00h-00h \
  -prdata=COMRAM,nvrram=COMRAM,nvbit=COMRAM,rbss=COMRAM,rbit=COMRAM \
  -pfarbss=FARRAM,fardata=FARRAM,nvFARRAM=FARRAM \
  -pintsave_regs=BIGRAM,bigbss=BIGRAM,bigdata=BIGRAM -pbss=RAM \
  -pidata=CODE,irdata=CODE,ibigdata=CODE,ifardata=CODE -prparam=COMRAM \
  C:\Users\micro\AppData\Local\Temp\xcAs168.\driver_tmp_14.o \
  dist/default/debug\IDE620_FactoryFW.X.debug.o 

Object code version is 3.11

Machine type is 18F57Q43



                Name                               Link     Load   Length Selector   Space Scale
C:\Users\micro\AppData\Local\Temp\xcAs168.\driver_tmp_14.o
                config                           300000   300000        A        0       4
                init                                 1A       1A        4        4       0
                reset_vec                             0        0        4        0       0
dist/default/debug\IDE620_FactoryFW.X.debug.o
                config                           300000   300000        A        0       4
                mediumconst                        F590     F590      A70     7AC8       0
                ivt0x8                                8        8       12        4       0
                text115                           15E8C    15E8C        A     8000       0
                text114                           15E82    15E82        A     8000       0
                text113                           15EC6    15EC6        8     8000       0
                text112                           15E1E    15E1E       14     8000       0
                text111                           15E0A    15E0A       14     8000       0
                text110                           1599C    1599C       3E     8000       0
                text109                           15EFC    15EFC        2     AF6B       0
                text108                           15DE0    15DE0       16     8000       0
                text107                           15DCA    15DCA       16     8000       0
                text106                           15DB4    15DB4       16     8000       0
                text105                           15D9E    15D9E       16     8000       0
                text104                           15D88    15D88       16     8000       0
                text103                           15EF4    15EF4        6     AF6B       0
                text102                           15EBE    15EBE        8     8000       0
                text101                           15EEE    15EEE        6     AF6B       0
                text100                           15EB6    15EB6        8     8000       0
                text99                            15CA0    15CA0       26     8000       0
                text98                            14490    14490       EC     8000       0
                text97                            15C04    15C04       2A     8000       0
                text96                            15EAE    15EAE        8     8000       0
                text95                            15EE8    15EE8        6     AF6B       0
                text94                            15BDA    15BDA       2A     8000       0
                text93                            15088    15088       94     8000       0
                text92                            15EE2    15EE2        6     AF6B       0
                text91                            15D72    15D72       16     8000       0
                text90                            15D5C    15D5C       16     8000       0
                text89                            14F50    14F50       A2     8000       0
                text88                            153C4    153C4       6A     8000       0
                text87                            11DEE    11DEE      44E     8000       0
                text86                            12A02    12A02      39C     8000       0
                text85                            13758    13758      1B4     8000       0
                text84                            15556    15556       62     8000       0
                text83                            14E0A    14E0A       A4     8000       0
                text82                            11244    11244      6EA     8000       0
                text81                            154F4    154F4       62     8000       0
                text80                            130A4    130A4      26A     8000       0
                text79                            15492    15492       62     8000       0
                text78                            15BAC    15BAC       2E     8000       0
                text77                            15EA6    15EA6        8     8000       0
                text76                            15E9E    15E9E        8     8000       0
                text75                            15EDC    15EDC        6     AF6B       0
                text74                            15ED6    15ED6        6     AF6B       0
                text73                            1595C    1595C       40     8000       0
                text72                            157B4    157B4       50     8000       0
                text71                            1523C    1523C       8E     8000       0
                text70                            151AE    151AE       8E     8000       0
                text69                            15CE8    15CE8       22     8000       0
                text68                            13F66    13F66      130     8000       0
                text67                            15764    15764       50     8000       0
                text66                            13C4C    13C4C      19C     8000       0
                text65                            14FF2    14FF2       96     8000       0
                text64                            15E78    15E78        A     8000       0
                text63                            15EFA    15EFA        2     AF6B       0
                text62                            149AE    149AE       CA     8000       0
                text61                            14818    14818       CC     8000       0
                text60                            14A78    14A78       C4     8000       0
                text59                            14CB0    14CB0       B0     8000       0
                text58                            15ABA    15ABA       34     8000       0
                text57                            158D8    158D8       44     8000       0
                text56                            14EAE    14EAE       A2     8000       0
                text55                            13DE8    13DE8      17E     8000       0
                text54                            14D60    14D60       AA     8000       0
                text53                            1419C    1419C      104     8000       0
                text52                            1223C    1223C      42A     8000       0
                text51                            15A4E    15A4E       38     8000       0
                text50                            1192E    1192E      4C0     8000       0
                text49                            15892    15892       46     8000       0
                text48                            14096    14096      106     8000       0
                text47                            142A0    142A0       FE     8000       0
                text46                            13542    13542      216     8000       0
                text45                            1566E    1566E       56     8000       0
                text44                            15714    15714       50     8000       0
                text43                            159DA    159DA       3C     8000       0
                text42                            10000    10000      9FE     8000       0
                text41                            15C7A    15C7A       26     8000       0
                text40                            1474A    1474A       CE     8000       0
                text39                            12666    12666      39C     8000       0
                text38                            15618    15618       56     8000       0
                text37                            156C4    156C4       50     8000       0
                text36                            1439E    1439E       F2     8000       0
                text35                            15B7E    15B7E       2E     8000       0
                text34                            14666    14666       E4     8000       0
                text33                            1330E    1330E      234     8000       0
                text32                            13AAC    13AAC      1A0     8000       0
                text31                            15804    15804       48     8000       0
                text30                            15B4E    15B4E       30     8000       0
                text29                            14BFA    14BFA       B6     8000       0
                text28                            148E4    148E4       CA     8000       0
                text27                            155B8    155B8       60     8000       0
                text26                            15D44    15D44       18     8000       0
                text25                            15E6A    15E6A        E     8000       0
                text24                            1584C    1584C       46     8000       0
                text23                            15D28    15D28       1C     8000       0
                text22                            15CC6    15CC6       22     8000       0
                text21                            15DF6    15DF6       14     8000       0
                text20                            1542E    1542E       64     8000       0
                text19                            15E5C    15E5C        E     8000       0
                text18                            15E4E    15E4E        E     8000       0
                text17                            15E40    15E40        E     8000       0
                text16                            1591C    1591C       40     8000       0
                text15                            1457C    1457C       EA     8000       0
                text14                            15D0A    15D0A       1E     8000       0
                text13                            15E32    15E32        E     8000       0
                text12                            15B1E    15B1E       30     8000       0
                text11                            15C54    15C54       26     8000       0
                text10                            15AEE    15AEE       30     8000       0
                text9                             1511C    1511C       92     8000       0
                text8                             14B3C    14B3C       BE     8000       0
                text7                             15C2E    15C2E       26     8000       0
                text6                             15E96    15E96        8     8000       0
                text5                             15A86    15A86       34     8000       0
                text4                             1390C    1390C      1A0     8000       0
                text3                             12D9E    12D9E      306     8000       0
                text2                             152CA    152CA       8C     8000       0
                text1                             15A16    15A16       38     8000       0
                text0                             109FE    109FE      846     8000       0
                cstackCOMRAM                        501      501       59      501       1
                cstackBANK5                         560      560       8B      560       1
                cstackBANK7                         778      778        3      700       1
                bssBANK7                            700      700       78      700       1
                dataBANK6                           6F5      6F5        7      600       1
                bssBANK6                            600      600       F5      600       1
                bssBANK5                            5EB      5EB       15      560       1
                dataCOMRAM                          55C      55C        1      501       1
                bssCOMRAM                           55A      55A        2      501       1
                cinit                             15356    15356       6E     8000       0
                nvBANK6                             6FC      6FC        3      600       1
                idataBANK6                        15ECE    15ECE        7     8000       0
                idataCOMRAM                       15EFE    15EFE        1     AF6B       0

TOTAL           Name                               Link     Load   Length     Space
        CLASS   CODE           
                init                                 1A       1A        4         0
                reset_vec                             0        0        4         0
                ivt0x8                                8        8       12         0
                text115                           15E8C    15E8C        A         0
                text114                           15E82    15E82        A         0
                text113                           15EC6    15EC6        8         0
                text112                           15E1E    15E1E       14         0
                text111                           15E0A    15E0A       14         0
                text110                           1599C    1599C       3E         0
                text109                           15EFC    15EFC        2         0
                text108                           15DE0    15DE0       16         0
                text107                           15DCA    15DCA       16         0
                text106                           15DB4    15DB4       16         0
                text105                           15D9E    15D9E       16         0
                text104                           15D88    15D88       16         0
                text103                           15EF4    15EF4        6         0
                text102                           15EBE    15EBE        8         0
                text101                           15EEE    15EEE        6         0
                text100                           15EB6    15EB6        8         0
                text99                            15CA0    15CA0       26         0
                text98                            14490    14490       EC         0
                text97                            15C04    15C04       2A         0
                text96                            15EAE    15EAE        8         0
                text95                            15EE8    15EE8        6         0
                text94                            15BDA    15BDA       2A         0
                text93                            15088    15088       94         0
                text92                            15EE2    15EE2        6         0
                text91                            15D72    15D72       16         0
                text90                            15D5C    15D5C       16         0
                text89                            14F50    14F50       A2         0
                text88                            153C4    153C4       6A         0
                text87                            11DEE    11DEE      44E         0
                text86                            12A02    12A02      39C         0
                text85                            13758    13758      1B4         0
                text84                            15556    15556       62         0
                text83                            14E0A    14E0A       A4         0
                text82                            11244    11244      6EA         0
                text81                            154F4    154F4       62         0
                text80                            130A4    130A4      26A         0
                text79                            15492    15492       62         0
                text78                            15BAC    15BAC       2E         0
                text77                            15EA6    15EA6        8         0
                text76                            15E9E    15E9E        8         0
                text75                            15EDC    15EDC        6         0
                text74                            15ED6    15ED6        6         0
                text73                            1595C    1595C       40         0
                text72                            157B4    157B4       50         0
                text71                            1523C    1523C       8E         0
                text70                            151AE    151AE       8E         0
                text69                            15CE8    15CE8       22         0
                text68                            13F66    13F66      130         0
                text67                            15764    15764       50         0
                text66                            13C4C    13C4C      19C         0
                text65                            14FF2    14FF2       96         0
                text64                            15E78    15E78        A         0
                text63                            15EFA    15EFA        2         0
                text62                            149AE    149AE       CA         0
                text61                            14818    14818       CC         0
                text60                            14A78    14A78       C4         0
                text59                            14CB0    14CB0       B0         0
                text58                            15ABA    15ABA       34         0
                text57                            158D8    158D8       44         0
                text56                            14EAE    14EAE       A2         0
                text55                            13DE8    13DE8      17E         0
                text54                            14D60    14D60       AA         0
                text53                            1419C    1419C      104         0
                text52                            1223C    1223C      42A         0
                text51                            15A4E    15A4E       38         0
                text50                            1192E    1192E      4C0         0
                text49                            15892    15892       46         0
                text48                            14096    14096      106         0
                text47                            142A0    142A0       FE         0
                text46                            13542    13542      216         0
                text45                            1566E    1566E       56         0
                text44                            15714    15714       50         0
                text43                            159DA    159DA       3C         0
                text42                            10000    10000      9FE         0
                text41                            15C7A    15C7A       26         0
                text40                            1474A    1474A       CE         0
                text39                            12666    12666      39C         0
                text38                            15618    15618       56         0
                text37                            156C4    156C4       50         0
                text36                            1439E    1439E       F2         0
                text35                            15B7E    15B7E       2E         0
                text34                            14666    14666       E4         0
                text33                            1330E    1330E      234         0
                text32                            13AAC    13AAC      1A0         0
                text31                            15804    15804       48         0
                text30                            15B4E    15B4E       30         0
                text29                            14BFA    14BFA       B6         0
                text28                            148E4    148E4       CA         0
                text27                            155B8    155B8       60         0
                text26                            15D44    15D44       18         0
                text25                            15E6A    15E6A        E         0
                text24                            1584C    1584C       46         0
                text23                            15D28    15D28       1C         0
                text22                            15CC6    15CC6       22         0
                text21                            15DF6    15DF6       14         0
                text20                            1542E    1542E       64         0
                text19                            15E5C    15E5C        E         0
                text18                            15E4E    15E4E        E         0
                text17                            15E40    15E40        E         0
                text16                            1591C    1591C       40         0
                text15                            1457C    1457C       EA         0
                text14                            15D0A    15D0A       1E         0
                text13                            15E32    15E32        E         0
                text12                            15B1E    15B1E       30         0
                text11                            15C54    15C54       26         0
                text10                            15AEE    15AEE       30         0
                text9                             1511C    1511C       92         0
                text8                             14B3C    14B3C       BE         0
                text7                             15C2E    15C2E       26         0
                text6                             15E96    15E96        8         0
                text5                             15A86    15A86       34         0
                text4                             1390C    1390C      1A0         0
                text3                             12D9E    12D9E      306         0
                text2                             152CA    152CA       8C         0
                text1                             15A16    15A16       38         0
                text0                             109FE    109FE      846         0
                cinit                             15356    15356       6E         0
                idataBANK6                        15ECE    15ECE        7         0
                idataCOMRAM                       15EFE    15EFE        1         0

        CLASS   CONST          

        CLASS   SMALLCONST     

        CLASS   MEDIUMCONST    
                mediumconst                        F590     F590      A70         0

        CLASS   COMRAM         
                cstackCOMRAM                        501      501       59         1
                dataCOMRAM                          55C      55C        1         1
                bssCOMRAM                           55A      55A        2         1

        CLASS   ABS1           

        CLASS   BIGRAM         

        CLASS   RAM            

        CLASS   BANK5          
                cstackBANK5                         560      560       8B         1
                bssBANK5                            5EB      5EB       15         1

        CLASS   BANK6          
                dataBANK6                           6F5      6F5        7         1
                bssBANK6                            600      600       F5         1
                nvBANK6                             6FC      6FC        3         1

        CLASS   BANK7          
                cstackBANK7                         778      778        3         1
                bssBANK7                            700      700       78         1

        CLASS   BANK8          

        CLASS   BANK9          

        CLASS   BANK10         

        CLASS   BANK11         

        CLASS   BANK12         

        CLASS   BANK13         

        CLASS   BANK14         

        CLASS   BANK15         

        CLASS   BANK16         

        CLASS   BANK17         

        CLASS   BANK18         

        CLASS   BANK19         

        CLASS   BANK20         

        CLASS   BANK21         

        CLASS   BANK22         

        CLASS   BANK23         

        CLASS   BANK24         

        CLASS   BANK25         

        CLASS   BANK26         

        CLASS   BANK27         

        CLASS   BANK28         

        CLASS   BANK29         

        CLASS   BANK30         

        CLASS   BANK31         

        CLASS   BANK32         

        CLASS   BANK33         

        CLASS   BANK34         

        CLASS   BANK35         

        CLASS   BANK36         

        CLASS   SFR            

        CLASS   BIGSFR         

        CLASS   CONFIG         
                config                           300000   300000        A         4

        CLASS   IDLOC          

        CLASS   EEDATA         

        CLASS   FARRAM         

        CLASS   HEAP           

        CLASS   STACK          



SEGMENTS        Name                           Load    Length   Top    Selector   Space  Class

                reset_vec                      000000  000004  000004         0       0  CODE    
                ivt0x8                         000008  000016  00001E         4       0  CODE    
                cstackCOMRAM                   000501  00005C  00055D       501       1  COMRAM  
                cstackBANK5                    000560  0000A0  000600       560       1  BANK5   
                bssBANK6                       000600  0000FF  0006FF       600       1  BANK6   
                bssBANK7                       000700  00007B  00077B       700       1  BANK7   
                mediumconst                    00F590  000A70  010000      7AC8       0  MEDIUMCO
                text42                         010000  005ED5  015ED5      8000       0  CODE    
                text74                         015ED6  000029  015EFF      AF6B       0  CODE    


UNUSED ADDRESS RANGES

        Name                Unused          Largest block    Delta
        BANK10           000A00-000AFF              100
        BANK11           000B00-000BFF              100
        BANK12           000C00-000CFF              100
        BANK13           000D00-000DFF              100
        BANK14           000E00-000EFF              100
        BANK15           000F00-000FFF              100
        BANK16           001000-0010FF              100
        BANK17           001100-0011FF              100
        BANK18           001200-0012FF              100
        BANK19           001300-0013FF              100
        BANK20           001400-0014FF              100
        BANK21           001500-0015FF              100
        BANK22           001600-0016FF              100
        BANK23           001700-0017FF              100
        BANK24           001800-0018FF              100
        BANK25           001900-0019FF              100
        BANK26           001A00-001AFF              100
        BANK27           001B00-001BFF              100
        BANK28           001C00-001CFF              100
        BANK29           001D00-001DFF              100
        BANK30           001E00-001EFF              100
        BANK31           001F00-001FFF              100
        BANK32           002000-0020FF              100
        BANK33           002100-0021FF              100
        BANK34           002200-0022FF              100
        BANK35           002300-0023FF              100
        BANK36           002400-0024FF              100
        BANK6            0006FF-0006FF                1
        BANK7            00077B-0007FF               85
        BANK8            000800-0008FF              100
        BANK9            000900-0009FF              100
        BIGRAM           00055D-00055F                3
                         0006FF-0006FF                1
                         00077B-0024FF             1D85
        BIGSFR           000000-0004FF              500
                         002500-0025FF              100
        CODE             000004-000007                4
                         00001E-00F58F             F572
                         015ED5-015ED5                1
                         015EFF-01FFFF             A101
        COMRAM           00055D-00055F                3
        CONFIG           30000A-300011                8
        CONST            000004-000007                4
                         00001E-00F58F             F572
                         015ED5-015ED5                1
                         015EFF-01FFFF             A101
        EEDATA           380000-3803FF              400
        IDLOC            200000-20003F               40
        MEDIUMCONST      002500-00F58F             D090
                         015ED5-015ED5                1
                         015EFF-01FFFF             A101
        RAM              0006FF-0006FF                1
                         00077B-0024FF              100
        SFR              000000-0004FF              100
                         002500-0025FF              100
        SMALLCONST       002500-00F58F              100
                         015ED5-015ED5                1
                         015EFF-01FFFF              100

                                  Symbol Table

?_ADCC_GetSingleConversion                     cstackCOMRAM 000504
?_BME280_compensateHumidity                    cstackCOMRAM 000510
?_BME280_compensatePressure                    cstackCOMRAM 000511
?_BME280_compensateTemperature                 cstackCOMRAM 000510
?_BME280_getHumidity                           cstackBANK5  000575
?_BME280_getPressure                           cstackBANK5  000575
?_BME280_getTemperature                        cstackBANK5  000575
?___awdiv                                      cstackCOMRAM 000504
?___awmod                                      cstackCOMRAM 000504
?___fladd                                      cstackCOMRAM 000504
?___fldiv                                      cstackBANK5  000560
?___flmul                                      cstackCOMRAM 000504
?___flneg                                      cstackCOMRAM 000504
?___flsub                                      cstackCOMRAM 00051D
?___fltol                                      cstackCOMRAM 000504
?___fpclassifyf                                cstackCOMRAM 000504
?___lldiv                                      cstackCOMRAM 000504
?___lmul                                       cstackCOMRAM 000504
?___wmul                                       cstackCOMRAM 000504
?___xxtofl                                     cstackCOMRAM 000545
?_abs                                          cstackCOMRAM 00050A
?_floorf                                       cstackBANK5  000575
?_labs                                         cstackCOMRAM 000504
?_read_prec_or_width                           cstackCOMRAM 00050A
?_sprintf                                      cstackBANK5  0005D3
?_vfprintf                                     cstackBANK5  0005CB
ADCC_GetSingleConversion@channel               cstackCOMRAM 000508
BME280_compensateHumidity@h                    cstackCOMRAM 000529
BME280_compensateHumidity@humV                 cstackCOMRAM 000541
BME280_compensatePressure@p                    cstackCOMRAM 00052A
BME280_compensatePressure@pressV1              cstackCOMRAM 00052E
BME280_compensatePressure@pressV2              cstackCOMRAM 000526
BME280_compensateTemperature@t                 cstackCOMRAM 00052F
BME280_compensateTemperature@tempV1            cstackCOMRAM 000527
BME280_compensateTemperature@tempV2            cstackCOMRAM 00052B
BME280_config@coeff                            cstackCOMRAM 000504
BME280_config@sbtime                           cstackCOMRAM 000506
BME280_ctrl_hum@osrs_H                         cstackCOMRAM 000504
BME280_ctrl_meas@mode                          cstackCOMRAM 000505
BME280_ctrl_meas@osrs_P                        cstackCOMRAM 000504
BME280_ctrl_meas@osrs_T                        cstackCOMRAM 000507
BME280_getHumidity@humidity                    cstackBANK5  000579
BME280_getPressure@pressure                    cstackBANK5  000579
BME280_getTemperature@temperature              cstackBANK5  000579
BME280_readFactoryCalibrationParams@paramBuff  cstackCOMRAM 000512
BME280_readMeasurements@sensorData             cstackCOMRAM 00051C
CLC1_CallbackRegister@CallbackHandler          cstackCOMRAM 000504
DELAY_milliseconds@milliseconds                cstackCOMRAM 000504
I2C1_AddrTransmit@addr                         cstackCOMRAM 000504
I2C1_CallbackRegister@callbackHandler          cstackCOMRAM 000504
I2C1_CounterSet@counter                        cstackCOMRAM 000504
I2C1_DataTransmit@data                         cstackCOMRAM 000501
I2C1_Write@address                             cstackCOMRAM 000505
I2C1_Write@data                                cstackCOMRAM 000507
I2C1_Write@dataLength                          cstackCOMRAM 000509
I2C1_WriteRead@address                         cstackCOMRAM 000505
I2C1_WriteRead@readData                        cstackCOMRAM 00050B
I2C1_WriteRead@readLength                      cstackCOMRAM 00050D
I2C1_WriteRead@writeData                       cstackCOMRAM 000507
I2C1_WriteRead@writeLength                     cstackCOMRAM 000509
INT0_SetInterruptHandler@InterruptHandler      cstackCOMRAM 000504
INT1_SetInterruptHandler@InterruptHandler      cstackCOMRAM 000504
INT2_SetInterruptHandler@InterruptHandler      cstackCOMRAM 000504
IVTBASEH                                       (abs)        00045E
IVTBASEL                                       (abs)        00045D
IVTBASEU                                       (abs)        00045F
OLEDWrCmd@command                              cstackCOMRAM 00050B
OLEDWrDat@data                                 cstackCOMRAM 00050B
OLED_CLS@x                                     cstackCOMRAM 00050C
OLED_CLS@y                                     cstackCOMRAM 00050D
OLED_Put8x16ASCII@cIndex                       cstackCOMRAM 000514
OLED_Put8x16ASCII@data                         cstackCOMRAM 000510
OLED_Put8x16ASCII@i                            cstackCOMRAM 000517
OLED_Put8x16ASCII@j                            cstackCOMRAM 000515
OLED_Put8x16ASCII@no                           cstackCOMRAM 00050F
OLED_Put8x16ASCII@x                            cstackCOMRAM 000516
OLED_Put8x16ASCII@y                            cstackCOMRAM 00050E
OLED_Put8x16Str@c                              cstackCOMRAM 000513
OLED_Put8x16Str@ch                             cstackCOMRAM 00050F
OLED_Put8x16Str@i                              cstackCOMRAM 000516
OLED_Put8x16Str@j                              cstackCOMRAM 000514
OLED_Put8x16Str@x                              cstackCOMRAM 000515
OLED_Put8x16Str@y                              cstackCOMRAM 00050E
OLED_Set_Pos@x                                 cstackCOMRAM 00050D
OLED_Set_Pos@y                                 cstackCOMRAM 00050C
SPI1_IsTxReady@returnValue                     cstackCOMRAM 000504
SPI1_Open@spiConfigIndex                       cstackCOMRAM 000504
TMR2_OverflowCallbackRegister@InterruptHandler cstackCOMRAM 000504
_ACTCON                                        (abs)        0000AC
_ADACCH                                        (abs)        0003E4
_ADACCL                                        (abs)        0003E3
_ADACCU                                        (abs)        0003E5
_ADACQH                                        (abs)        0003EF
_ADACQL                                        (abs)        0003EE
_ADACT                                         (abs)        0003F9
_ADCAP                                         (abs)        0003F0
_ADCC_GetSingleConversion                      text35       015B7E
_ADCC_Initialize                               text27       0155B8
_ADCC_Result                                   bssBANK6     000639
_ADCLK                                         (abs)        0003FA
_ADCNT                                         (abs)        0003E6
_ADCON0                                        (abs)        0003F3
_ADCON0bits                                    (abs)        0003F3
_ADCON1                                        (abs)        0003F4
_ADCON1bits                                    (abs)        0003F4
_ADCON2                                        (abs)        0003F5
_ADCON2bits                                    (abs)        0003F5
_ADCON3                                        (abs)        0003F6
_ADCON3bits                                    (abs)        0003F6
_ADERRH                                        (abs)        0003DE
_ADERRL                                        (abs)        0003DD
_ADFLTRH                                       (abs)        0003E2
_ADFLTRL                                       (abs)        0003E1
_ADLTHH                                        (abs)        0003DA
_ADLTHL                                        (abs)        0003D9
_ADPCH                                         (abs)        0003EC
_ADPREH                                        (abs)        0003F2
_ADPREL                                        (abs)        0003F1
_ADPREVH                                       (abs)        0003E9
_ADPREVL                                       (abs)        0003E8
_ADREF                                         (abs)        0003F8
_ADRESH                                        (abs)        0003EB
_ADRESL                                        (abs)        0003EA
_ADRPT                                         (abs)        0003E7
_ADSTAT                                        (abs)        0003F7
_ADSTATbits                                    (abs)        0003F7
_ADSTPTH                                       (abs)        0003E0
_ADSTPTL                                       (abs)        0003DF
_ADUTHH                                        (abs)        0003DC
_ADUTHL                                        (abs)        0003DB
_ANSELA                                        (abs)        000400
_ANSELB                                        (abs)        000408
_ANSELC                                        (abs)        000410
_ANSELD                                        (abs)        000418
_ANSELE                                        (abs)        000420
_ANSELF                                        (abs)        000428
_APP_2024_StateMachine                         bssBANK5     0005FD
_ASCII_Buffer                                  bssBANK6     0006B1
_BME280_Humidity                               bssBANK6     000618
_BME280_Pressure                               bssBANK6     00061C
_BME280_Temp                                   bssBANK6     000620
_BME280_compensateHumidity                     text87       011DEE
_BME280_compensateHumidity$4225                cstackCOMRAM 00053D
_BME280_compensateHumidity$4226                cstackCOMRAM 00052D
_BME280_compensateHumidity$4227                cstackCOMRAM 000531
_BME280_compensateHumidity$4228                cstackCOMRAM 000535
_BME280_compensateHumidity$4229                cstackCOMRAM 000539
_BME280_compensatePressure                     text82       011244
_BME280_compensatePressure$4224                cstackCOMRAM 000522
_BME280_compensateTemperature                  text80       0130A4
_BME280_compensateTemperature$4223             cstackCOMRAM 000533
_BME280_config                                 text7        015C2E
_BME280_ctrl_hum                               text6        015E96
_BME280_ctrl_meas                              text5        015A86
_BME280_getHumidity                            text84       015556
_BME280_getPressure                            text81       0154F4
_BME280_getTemperature                         text79       015492
_BME280_initializeSensor                       text4        01390C
_BME280_readFactoryCalibrationParams           text3        012D9E
_BME280_readMeasurements                       text66       013C4C
_BME280_reset                                  text2        0152CA
_BME280_startForcedSensing                     text65       014FF2
_CCP1CON                                       (abs)        000342
_CCP1CONbits                                   (abs)        000342
_CCP1_Initialize                               text26       015D44
_CCPR1H                                        (abs)        000341
_CCPR1L                                        (abs)        000340
_CCPTMRS0bits                                  (abs)        00034C
_CLC1_Callback                                 nvBANK6      0006FC
_CLC1_CallbackRegister                         text25       015E6A
_CLC1_DefaultCallback                          (abs)        000000
_CLC1_Initialize                               text24       01584C
_CLCDATA                                       (abs)        0000D4
_CLCDATAbits                                   (abs)        0000D4
_CLCSELECT                                     (abs)        0000D5
_CLCSELECTbits                                 (abs)        0000D5
_CLCnCON                                       (abs)        0000D6
_CLCnCONbits                                   (abs)        0000D6
_CLCnGLS0                                      (abs)        0000DC
_CLCnGLS1                                      (abs)        0000DD
_CLCnGLS2                                      (abs)        0000DE
_CLCnGLS3                                      (abs)        0000DF
_CLCnPOL                                       (abs)        0000D7
_CLCnSEL0                                      (abs)        0000D8
_CLCnSEL1                                      (abs)        0000D9
_CLCnSEL2                                      (abs)        0000DA
_CLCnSEL3                                      (abs)        0000DB
_CLOCK_Initialize                              text23       015D28
_DELAY_milliseconds                            text30       015B4E
_Font16x16                                     mediumconst  00FDA9
_Font6x8                                       mediumconst  00FB81
_Font8x16                                      mediumconst  00F591
_I2C1ADB1                                      (abs)        00028F
_I2C1CLK                                       (abs)        00029C
_I2C1CNT                                       (abs)        00028D
_I2C1CON0                                      (abs)        000294
_I2C1CON0bits                                  (abs)        000294
_I2C1CON1                                      (abs)        000295
_I2C1CON1bits                                  (abs)        000295
_I2C1CON2                                      (abs)        000296
_I2C1ERR                                       (abs)        000297
_I2C1ERRbits                                   (abs)        000297
_I2C1PIE                                       (abs)        00029B
_I2C1PIEbits                                   (abs)        00029B
_I2C1PIR                                       (abs)        00029A
_I2C1PIRbits                                   (abs)        00029A
_I2C1RXB                                       (abs)        00028B
_I2C1SCLPPS                                    (abs)        000271
_I2C1SDAPPS                                    (abs)        000270
_I2C1STAT0bits                                 (abs)        000298
_I2C1STAT1                                     (abs)        000299
_I2C1STAT1bits                                 (abs)        000299
_I2C1TXB                                       (abs)        00028C
_I2C1_AddrTransmit                             text77       015EA6
_I2C1_BufferClear                              text115      015E8C
_I2C1_BusReset                                 text110      01599C
_I2C1_Callback                                 bssBANK6     000630
_I2C1_CallbackRegister                         text22       015CC6
_I2C1_Close                                    text97       015C04
_I2C1_CounterGet                               text103      015EF4
_I2C1_CounterSet                               text76       015E9E
_I2C1_DataReceive                              text92       015EE2
_I2C1_DataTransmit                             text102      015EBE
_I2C1_DefaultCallback                          text109      015EFC
_I2C1_Deinitialize                             (abs)        000000
_I2C1_ERROR_ISR                                text98       014490
_I2C1_ErrorFlagsClear                          text114      015E82
_I2C1_ErrorGet                                 (abs)        000000
_I2C1_Host                                     mediumconst  00FED3
_I2C1_ISR                                      text93       015088
_I2C1_Initialize                               text20       01542E
_I2C1_InterruptsClear                          text113      015EC6
_I2C1_InterruptsDisable                        text112      015E1E
_I2C1_InterruptsEnable                         text21       015DF6
_I2C1_IsAddr                                   text108      015DE0
_I2C1_IsBusCol                                 text107      015DCA
_I2C1_IsBusTimeOut                             text106      015DB4
_I2C1_IsBusy                                   text78       015BAC
_I2C1_IsBusy$750                               cstackCOMRAM 000504
_I2C1_IsData                                   text105      015D9E
_I2C1_IsNack                                   text104      015D88
_I2C1_RX_ISR                                   text91       015D72
_I2C1_Read                                     (abs)        000000
_I2C1_ReadStart                                text94       015BDA
_I2C1_RestartDisable                           text101      015EEE
_I2C1_RestartEnable                            text75       015EDC
_I2C1_StartSend                                text74       015ED6
_I2C1_StopSend                                 text99       015CA0
_I2C1_TX_ISR                                   text90       015D5C
_I2C1_Write                                    text72       0157B4
_I2C1_WriteRead                                text67       015764
_I2C1_WriteStart                               text73       01595C
_I2C_Rbuffer                                   bssBANK6     0006D5
_I2C_Wbuffer                                   bssBANK6     0006E5
_INLVLA                                        (abs)        000404
_INLVLB                                        (abs)        00040C
_INLVLC                                        (abs)        000414
_INLVLD                                        (abs)        00041C
_INLVLE                                        (abs)        000424
_INLVLF                                        (abs)        00042C
_INT0_DefaultInterruptHandler                  (abs)        000000
_INT0_InterruptHandler                         bssBANK6     00062D
_INT0_SetInterruptHandler                      text19       015E5C
_INT1_DefaultInterruptHandler                  (abs)        000000
_INT1_InterruptHandler                         bssBANK6     00062A
_INT1_SetInterruptHandler                      text18       015E4E
_INT2_DefaultInterruptHandler                  (abs)        000000
_INT2_InterruptHandler                         bssBANK6     000627
_INT2_SetInterruptHandler                      text17       015E40
_INTCON0bits                                   (abs)        0004D6
_INTERRUPT_Initialize                          text16       01591C
_INTERRUPT_InterruptManager                    text89       014F50
_IOCAF                                         (abs)        000407
_IOCAN                                         (abs)        000406
_IOCAP                                         (abs)        000405
_IOCBF                                         (abs)        00040F
_IOCBN                                         (abs)        00040E
_IOCBP                                         (abs)        00040D
_IOCCF                                         (abs)        000417
_IOCCN                                         (abs)        000416
_IOCCP                                         (abs)        000415
_IOCEF                                         (abs)        000427
_IOCEN                                         (abs)        000426
_IOCEP                                         (abs)        000425
_KXTJ3_XOUT                                    bssBANK6     000637
_KXTJ3_YOUT                                    bssBANK6     000635
_KXTJ3_ZOUT                                    bssBANK6     000633
_LATA                                          (abs)        0004BE
_LATB                                          (abs)        0004BF
_LATC                                          (abs)        0004C0
_LATD                                          (abs)        0004C1
_LATDbits                                      (abs)        0004C1
_LATE                                          (abs)        0004C2
_LATF                                          (abs)        0004C3
_LATFbits                                      (abs)        0004C3
_LED_Shift                                     dataBANK6    0006FB
_LightingValue                                 bssBANK6     00063D
_MCP9808Value                                  bssBANK6     00063B
_Mode0_Update                                  text36       01439E
_Mode1_Update                                  text33       01330E
_Mode2_Update                                  text32       013AAC
_Mode2_Update$4222                             cstackBANK7  000778
_ODCONA                                        (abs)        000402
_ODCONB                                        (abs)        00040A
_ODCONC                                        (abs)        000412
_ODCOND                                        (abs)        00041A
_ODCONE                                        (abs)        000422
_ODCONF                                        (abs)        00042A
_OLEDWrCmd                                     text70       0151AE
_OLEDWrDat                                     text71       01523C
_OLED_CLS                                      text31       015804
_OLED_Init                                     text29       014BFA
_OLED_Put8x16ASCII                             text34       014666
_OLED_Put8x16Str                               text68       013F66
_OLED_Set_Pos                                  text69       015CE8
_OSCCON1                                       (abs)        0000AD
_OSCCON3                                       (abs)        0000AF
_OSCEN                                         (abs)        0000B3
_OSCFRQ                                        (abs)        0000B1
_OSCTUNE                                       (abs)        0000B0
_PIE3bits                                      (abs)        0004A1
_PIE7bits                                      (abs)        0004A5
_PIN_MANAGER_Initialize                        text15       01457C
_PIR0bits                                      (abs)        0004AE
_PIR10bits                                     (abs)        0004B8
_PIR1bits                                      (abs)        0004AF
_PIR2bits                                      (abs)        0004B0
_PIR3bits                                      (abs)        0004B1
_PIR6bits                                      (abs)        0004B4
_PIR7bits                                      (abs)        0004B5
_PORTAbits                                     (abs)        0004CE
_PORTBbits                                     (abs)        0004CF
_PORTDbits                                     (abs)        0004D1
_PR2                                           (abs)        000323
_RB1I2C                                        (abs)        000289
_RB1PPS                                        (abs)        00020A
_RB2I2C                                        (abs)        000288
_RB2PPS                                        (abs)        00020B
_RC3I2C                                        (abs)        000287
_RC4I2C                                        (abs)        000286
_RF7PPS                                        (abs)        000230
_SLRCONA                                       (abs)        000403
_SLRCONB                                       (abs)        00040B
_SLRCONC                                       (abs)        000413
_SLRCOND                                       (abs)        00041B
_SLRCONE                                       (abs)        000423
_SLRCONF                                       (abs)        00042B
_SPI1BAUD                                      (abs)        000089
_SPI1CLK                                       (abs)        00008C
_SPI1CON0                                      (abs)        000084
_SPI1CON0bits                                  (abs)        000084
_SPI1CON1                                      (abs)        000085
_SPI1CON2                                      (abs)        000086
_SPI1CON2bits                                  (abs)        000086
_SPI1INTFbits                                  (abs)        00008A
_SPI1RXB                                       (abs)        000080
_SPI1TCNTH                                     (abs)        000083
_SPI1TCNTL                                     (abs)        000082
_SPI1TXB                                       (abs)        000081
_SPI1_BufferExchange                           (abs)        000000
_SPI1_BufferRead                               (abs)        000000
_SPI1_BufferWrite                              (abs)        000000
_SPI1_ByteExchange                             (abs)        000000
_SPI1_ByteRead                                 (abs)        000000
_SPI1_ByteWrite                                (abs)        000000
_SPI1_Close                                    (abs)        000000
_SPI1_Deinitialize                             (abs)        000000
_SPI1_Host                                     mediumconst  00FEA9
_SPI1_Initialize                               text14       015D0A
_SPI1_IsRxReady                                (abs)        000000
_SPI1_IsTxReady                                text10       015AEE
_SPI1_Open                                     text28       0148E4
_SW3_Released                                  dataCOMRAM   00055C
_SW_Detected                                   bssBANK5     0005FE
_SYSTEM_Initialize                             text11       015C54
_T2CLKCON                                      (abs)        000326
_T2CON                                         (abs)        000324
_T2CONbits                                     (abs)        000324
_T2HLT                                         (abs)        000325
_T2HLTbits                                     (abs)        000325
_T2PR                                          (abs)        000323
_T2RST                                         (abs)        000327
_T2RSTbits                                     (abs)        000327
_T2TMR                                         (abs)        000322
_TMR2                                          (abs)        000322
_TMR2_DefaultOverflowCallback                  (abs)        000000
_TMR2_Initialize                               text12       015B1E
_TMR2_OverflowCallback                         bssBANK6     000624
_TMR2_OverflowCallbackRegister                 text13       015E32
_TMR2_PeriodCountSet                           (abs)        000000
_TMR2_Start                                    (abs)        000000
_TMR2_Stop                                     (abs)        000000
_TMR2_Tasks                                    (abs)        000000
_TRISA                                         (abs)        0004C6
_TRISB                                         (abs)        0004C7
_TRISC                                         (abs)        0004C8
_TRISCbits                                     (abs)        0004C8
_TRISD                                         (abs)        0004C9
_TRISE                                         (abs)        0004CA
_TRISF                                         (abs)        0004CB
_Timer2                                        mediumconst  00FEF1
_TxBuffer                                      bssBANK6     0006C5
_WPUA                                          (abs)        000401
_WPUB                                          (abs)        000409
_WPUC                                          (abs)        000411
_WPUD                                          (abs)        000419
_WPUE                                          (abs)        000421
_WPUF                                          (abs)        000429
_WS2812_Buffer                                 dataBANK6    0006F5
_WS2812_Data_Update                            text9        01511C
_WS2812_State                                  bssBANK5     0005FF
_WS2812_Status_Update                          text8        014B3C
_WeatherClick_readSensors                      text64       015E78
_WeatherStation_initialize                     text1        015A16
__HRAM                                         (abs)        000000
__H__absolute__                                __absolute__ 000000
__Habs1                                        abs1         000000
__Hbank10                                      bank10       000000
__Hbank11                                      bank11       000000
__Hbank12                                      bank12       000000
__Hbank13                                      bank13       000000
__Hbank14                                      bank14       000000
__Hbank15                                      bank15       000000
__Hbank16                                      bank16       000000
__Hbank17                                      bank17       000000
__Hbank18                                      bank18       000000
__Hbank19                                      bank19       000000
__Hbank20                                      bank20       000000
__Hbank21                                      bank21       000000
__Hbank22                                      bank22       000000
__Hbank23                                      bank23       000000
__Hbank24                                      bank24       000000
__Hbank25                                      bank25       000000
__Hbank26                                      bank26       000000
__Hbank27                                      bank27       000000
__Hbank28                                      bank28       000000
__Hbank29                                      bank29       000000
__Hbank30                                      bank30       000000
__Hbank31                                      bank31       000000
__Hbank32                                      bank32       000000
__Hbank33                                      bank33       000000
__Hbank34                                      bank34       000000
__Hbank35                                      bank35       000000
__Hbank36                                      bank36       000000
__Hbank5                                       bank5        000000
__Hbank6                                       bank6        000000
__Hbank7                                       bank7        000000
__Hbank8                                       bank8        000000
__Hbank9                                       bank9        000000
__Hbigbss                                      bigbss       000000
__Hbigdata                                     bigdata      000000
__Hbigram                                      bigram       000000
__Hbigsfr                                      bigsfr       000000
__Hbss                                         bss          000000
__HbssBANK5                                    bssBANK5     000000
__HbssBANK6                                    bssBANK6     000000
__HbssBANK7                                    bssBANK7     000000
__HbssCOMRAM                                   bssCOMRAM    000000
__Hcinit                                       cinit        000000
__Hclrtext                                     clrtext      000000
__Hcomram                                      comram       000000
__Hconfig                                      config       30000A
__Hconst                                       const        000000
__HcstackBANK5                                 cstackBANK5  000000
__HcstackBANK7                                 cstackBANK7  000000
__HcstackCOMRAM                                cstackCOMRAM 000000
__Hdata                                        data         000000
__HdataBANK6                                   dataBANK6    000000
__HdataCOMRAM                                  dataCOMRAM   000000
__Heeprom_data                                 eeprom_data  000000
__Hfarbss                                      farbss       000000
__Hfardata                                     fardata      000000
__Hheap                                        heap         000000
__Hibigdata                                    ibigdata     000000
__Hidata                                       idata        000000
__HidataBANK6                                  idataBANK6   000000
__HidataCOMRAM                                 idataCOMRAM  000000
__Hidloc                                       idloc        000000
__Hifardata                                    ifardata     000000
__Hinit                                        init         00001E
__Hintsave_regs                                intsave_regs 000000
__Hirdata                                      irdata       000000
__Hivt0x8                                      ivt0x8       00001A
__Hmediumconst                                 mediumconst  010000
__HnvBANK6                                     nvBANK6      000000
__HnvFARRAM                                    nvFARRAM     000000
__Hnvbit                                       nvbit        000000
__Hnvrram                                      nvrram       000000
__Hparam                                       rparam       000000
__Hpowerup                                     powerup      000000
__Hram                                         ram          000000
__Hramtop                                      ramtop       002500
__Hrbit                                        rbit         000000
__Hrbss                                        rbss         000000
__Hrdata                                       rdata        000000
__Hreset_vec                                   reset_vec    000004
__Hrparam                                      rparam       000000
__Hsfr                                         sfr          000000
__Hsmallconst                                  smallconst   000000
__Hspace_0                                     (abs)        015EFF
__Hspace_1                                     (abs)        00077B
__Hspace_2                                     (abs)        000000
__Hspace_4                                     (abs)        60000A
__Hstack                                       stack        000000
__Hstruct                                      struct       000000
__Htemp                                        temp         000000
__Htext                                        text         000000
__Htext0                                       text0        000000
__Htext1                                       text1        000000
__Htext10                                      text10       000000
__Htext100                                     text100      000000
__Htext101                                     text101      000000
__Htext102                                     text102      000000
__Htext103                                     text103      000000
__Htext104                                     text104      000000
__Htext105                                     text105      000000
__Htext106                                     text106      000000
__Htext107                                     text107      000000
__Htext108                                     text108      000000
__Htext109                                     text109      000000
__Htext11                                      text11       000000
__Htext110                                     text110      000000
__Htext111                                     text111      000000
__Htext112                                     text112      000000
__Htext113                                     text113      000000
__Htext114                                     text114      000000
__Htext115                                     text115      000000
__Htext12                                      text12       000000
__Htext13                                      text13       000000
__Htext14                                      text14       000000
__Htext15                                      text15       000000
__Htext16                                      text16       000000
__Htext17                                      text17       000000
__Htext18                                      text18       000000
__Htext19                                      text19       000000
__Htext2                                       text2        000000
__Htext20                                      text20       000000
__Htext21                                      text21       000000
__Htext22                                      text22       000000
__Htext23                                      text23       000000
__Htext24                                      text24       000000
__Htext25                                      text25       000000
__Htext26                                      text26       000000
__Htext27                                      text27       000000
__Htext28                                      text28       000000
__Htext29                                      text29       000000
__Htext3                                       text3        000000
__Htext30                                      text30       000000
__Htext31                                      text31       000000
__Htext32                                      text32       000000
__Htext33                                      text33       000000
__Htext34                                      text34       000000
__Htext35                                      text35       000000
__Htext36                                      text36       000000
__Htext37                                      text37       000000
__Htext38                                      text38       000000
__Htext39                                      text39       000000
__Htext4                                       text4        000000
__Htext40                                      text40       000000
__Htext41                                      text41       000000
__Htext42                                      text42       000000
__Htext43                                      text43       000000
__Htext44                                      text44       000000
__Htext45                                      text45       000000
__Htext46                                      text46       000000
__Htext47                                      text47       000000
__Htext48                                      text48       000000
__Htext49                                      text49       000000
__Htext5                                       text5        000000
__Htext50                                      text50       000000
__Htext51                                      text51       000000
__Htext52                                      text52       000000
__Htext53                                      text53       000000
__Htext54                                      text54       000000
__Htext55                                      text55       000000
__Htext56                                      text56       000000
__Htext57                                      text57       000000
__Htext58                                      text58       000000
__Htext59                                      text59       000000
__Htext6                                       text6        000000
__Htext60                                      text60       000000
__Htext61                                      text61       000000
__Htext62                                      text62       000000
__Htext63                                      text63       000000
__Htext64                                      text64       000000
__Htext65                                      text65       000000
__Htext66                                      text66       000000
__Htext67                                      text67       000000
__Htext68                                      text68       000000
__Htext69                                      text69       000000
__Htext7                                       text7        000000
__Htext70                                      text70       000000
__Htext71                                      text71       000000
__Htext72                                      text72       000000
__Htext73                                      text73       000000
__Htext74                                      text74       000000
__Htext75                                      text75       000000
__Htext76                                      text76       000000
__Htext77                                      text77       000000
__Htext78                                      text78       000000
__Htext79                                      text79       000000
__Htext8                                       text8        000000
__Htext80                                      text80       000000
__Htext81                                      text81       000000
__Htext82                                      text82       000000
__Htext83                                      text83       000000
__Htext84                                      text84       000000
__Htext85                                      text85       000000
__Htext86                                      text86       000000
__Htext87                                      text87       000000
__Htext88                                      text88       000000
__Htext89                                      text89       000000
__Htext9                                       text9        000000
__Htext90                                      text90       000000
__Htext91                                      text91       000000
__Htext92                                      text92       000000
__Htext93                                      text93       000000
__Htext94                                      text94       000000
__Htext95                                      text95       000000
__Htext96                                      text96       000000
__Htext97                                      text97       000000
__Htext98                                      text98       000000
__Htext99                                      text99       000000
__LRAM                                         (abs)        000001
__L__absolute__                                __absolute__ 000000
__Labs1                                        abs1         000000
__Lbank10                                      bank10       000000
__Lbank11                                      bank11       000000
__Lbank12                                      bank12       000000
__Lbank13                                      bank13       000000
__Lbank14                                      bank14       000000
__Lbank15                                      bank15       000000
__Lbank16                                      bank16       000000
__Lbank17                                      bank17       000000
__Lbank18                                      bank18       000000
__Lbank19                                      bank19       000000
__Lbank20                                      bank20       000000
__Lbank21                                      bank21       000000
__Lbank22                                      bank22       000000
__Lbank23                                      bank23       000000
__Lbank24                                      bank24       000000
__Lbank25                                      bank25       000000
__Lbank26                                      bank26       000000
__Lbank27                                      bank27       000000
__Lbank28                                      bank28       000000
__Lbank29                                      bank29       000000
__Lbank30                                      bank30       000000
__Lbank31                                      bank31       000000
__Lbank32                                      bank32       000000
__Lbank33                                      bank33       000000
__Lbank34                                      bank34       000000
__Lbank35                                      bank35       000000
__Lbank36                                      bank36       000000
__Lbank5                                       bank5        000000
__Lbank6                                       bank6        000000
__Lbank7                                       bank7        000000
__Lbank8                                       bank8        000000
__Lbank9                                       bank9        000000
__Lbigbss                                      bigbss       000000
__Lbigdata                                     bigdata      000000
__Lbigram                                      bigram       000000
__Lbigsfr                                      bigsfr       000000
__Lbss                                         bss          000000
__LbssBANK5                                    bssBANK5     000000
__LbssBANK6                                    bssBANK6     000000
__LbssBANK7                                    bssBANK7     000000
__LbssCOMRAM                                   bssCOMRAM    000000
__Lcinit                                       cinit        000000
__Lclrtext                                     clrtext      000000
__Lcomram                                      comram       000000
__Lconfig                                      config       000000
__Lconst                                       const        000000
__LcstackBANK5                                 cstackBANK5  000000
__LcstackBANK7                                 cstackBANK7  000000
__LcstackCOMRAM                                cstackCOMRAM 000000
__Ldata                                        data         000000
__LdataBANK6                                   dataBANK6    000000
__LdataCOMRAM                                  dataCOMRAM   000000
__Leeprom_data                                 eeprom_data  000000
__Lfarbss                                      farbss       000000
__Lfardata                                     fardata      000000
__Lheap                                        heap         000000
__Libigdata                                    ibigdata     000000
__Lidata                                       idata        000000
__LidataBANK6                                  idataBANK6   000000
__LidataCOMRAM                                 idataCOMRAM  000000
__Lidloc                                       idloc        000000
__Lifardata                                    ifardata     000000
__Linit                                        init         00001A
__Lintsave_regs                                intsave_regs 000000
__Lirdata                                      irdata       000000
__Livt0x8                                      ivt0x8       000008
__Lmediumconst                                 mediumconst  00F590
__LnvBANK6                                     nvBANK6      000000
__LnvFARRAM                                    nvFARRAM     000000
__Lnvbit                                       nvbit        000000
__Lnvrram                                      nvrram       000000
[...]
_dtoa$3717                                     cstackCOMRAM 000521
_efgtoa                                        text42       010000
_efgtoa$3748                                   cstackBANK5  000596
_flags                                         bssBANK5     0005FA
_floorf                                        text46       013542
_fputc                                         text62       0149AE
_fputs                                         text57       0158D8
_i2c1Status                                    bssBANK5     0005EB
_labs                                          text45       01566E
_main                                          text0        0109FE
_memcpy                                        text44       015714
_pad                                           text56       014EAE
_prec                                          bssBANK5     0005F8
_putch                                         text63       015EFA
_read_prec_or_width                            text40       01474A
_spi1_configuration                            mediumconst  00FF03
_sprintf                                       text37       0156C4
_str_hum                                       bssBANK7     00071E
_str_light                                     bssBANK7     000700
_str_press                                     bssBANK7     00073C
_str_temp                                      bssBANK7     00075A
_strcpy                                        text43       0159DA
_t_fine                                        bssBANK6     000608
_vfpfcnvrt                                     text39       012666
_vfprintf                                      text38       015618
_width                                         bssCOMRAM    00055A
abs@a                                          cstackCOMRAM 00050A
ctoa@c                                         cstackCOMRAM 00050F
ctoa@fp                                        cstackCOMRAM 00050D
ctoa@l                                         cstackCOMRAM 000511
ctoa@w                                         cstackCOMRAM 000513
dtoa@d                                         cstackCOMRAM 00051F
dtoa@fp                                        cstackCOMRAM 00051D
dtoa@i                                         cstackCOMRAM 000528
dtoa@p                                         cstackCOMRAM 000525
dtoa@s                                         cstackCOMRAM 000527
dtoa@w                                         cstackCOMRAM 000523
efgtoa@c                                       cstackBANK5  00058F
efgtoa@d                                       cstackBANK5  00059B
efgtoa@e                                       cstackBANK5  00059F
efgtoa@f                                       cstackBANK5  00058B
efgtoa@fp                                      cstackBANK5  000589
efgtoa@g                                       cstackBANK5  0005B2
efgtoa@h                                       cstackBANK5  0005A9
efgtoa@i                                       cstackBANK5  0005A7
efgtoa@l                                       cstackBANK5  0005AD
efgtoa@m                                       cstackBANK5  00059D
efgtoa@mode                                    cstackBANK5  000599
efgtoa@n                                       cstackBANK5  0005B6
efgtoa@ne                                      cstackBANK5  000590
efgtoa@nmode                                   cstackBANK5  00059A
efgtoa@ou                                      cstackBANK5  0005A3
efgtoa@p                                       cstackBANK5  000592
efgtoa@pp                                      cstackBANK5  000598
efgtoa@sign                                    cstackBANK5  0005B1
efgtoa@t                                       cstackBANK5  000594
efgtoa@u                                       cstackBANK5  0005B8
efgtoa@w                                       cstackBANK5  0005A1
end_of_initialization                          cinit        0153BE
floorf@F521                                    bssBANK6     000600
floorf@e                                       cstackBANK5  000583
floorf@m                                       cstackBANK5  00057F
floorf@u                                       cstackBANK5  000585
floorf@x                                       cstackBANK5  000575
fputc@c                                        cstackCOMRAM 000504
fputc@fp                                       cstackCOMRAM 000506
fputs@c                                        cstackCOMRAM 000511
fputs@fp                                       cstackCOMRAM 00050F
fputs@i                                        cstackCOMRAM 000512
fputs@s                                        cstackCOMRAM 00050D
i2I2C1_AddrTransmit@addr                       cstackCOMRAM 000501
i2I2C1_CounterSet@counter                      cstackCOMRAM 000501
i2_I2C1_AddrTransmit                           text96       015EAE
i2_I2C1_CounterSet                             text100      015EB6
i2_I2C1_InterruptsEnable                       text111      015E0A
i2_I2C1_StartSend                              text95       015EE8
intlevel0                                      text         000000
intlevel1                                      text         000000
intlevel2                                      text         000000
intlevel3                                      text         000000
isa$std                                        (abs)        000001
isa$xinst                                      (abs)        000000
ivt0x8_base                                    ivt0x8       000008
labs@a                                         cstackCOMRAM 000504
memcpy@d                                       cstackCOMRAM 00050B
memcpy@d1                                      cstackCOMRAM 000504
memcpy@n                                       cstackCOMRAM 000508
memcpy@s                                       cstackCOMRAM 00050D
memcpy@s1                                      cstackCOMRAM 000506
memcpy@tmp                                     cstackCOMRAM 00050A
pad@buf                                        cstackCOMRAM 000516
pad@fp                                         cstackCOMRAM 000514
pad@i                                          cstackCOMRAM 00051B
pad@p                                          cstackCOMRAM 000518
read_prec_or_width@ap                          cstackCOMRAM 00050C
read_prec_or_width@c                           cstackCOMRAM 000510
read_prec_or_width@fmt                         cstackCOMRAM 00050A
read_prec_or_width@n                           cstackCOMRAM 000511
sprintf@ap                                     cstackBANK5  0005DD
sprintf@f                                      cstackBANK5  0005DF
sprintf@fmt                                    cstackBANK5  0005D5
sprintf@s                                      cstackBANK5  0005D3
stackhi                                        (abs)        000000
stacklo                                        (abs)        000000
start                                          init         00001A
start_initialization                           cinit        015356
strcpy@d                                       cstackCOMRAM 000508
strcpy@dest                                    cstackCOMRAM 000504
strcpy@src                                     cstackCOMRAM 000506
vfpfcnvrt@ap                                   cstackBANK5  0005C0
vfpfcnvrt@c                                    cstackBANK5  0005C8
vfpfcnvrt@convarg                              cstackBANK5  0005C4
vfpfcnvrt@cp                                   cstackBANK5  0005C9
vfpfcnvrt@fmt                                  cstackBANK5  0005BE
vfpfcnvrt@fp                                   cstackBANK5  0005BC
vfprintf@ap                                    cstackBANK5  0005CF
vfprintf@cfmt                                  cstackBANK5  0005D1
vfprintf@fmt                                   cstackBANK5  0005CD
vfprintf@fp                                    cstackBANK5  0005CB


MODULE INFORMATION

Module		Function		Class		Link	Load	Size
C:\Program Files\Microchip\xc8\v2.46\pic\sources\c99\common\fltol.c
		___fltol       		CODE           	14096	0000	262

C:\Program Files\Microchip\xc8\v2.46\pic\sources\c99\common\fltol.c estimated size: 262

C:\Program Files\Microchip\xc8\v2.46\pic\sources\c99\common\floorf.c
		_floorf        		CODE           	13542	0000	534

C:\Program Files\Microchip\xc8\v2.46\pic\sources\c99\common\floorf.c estimated size: 534

C:\Program Files\Microchip\xc8\v2.46\pic\sources\c99\common\nf_fputc.c
		_fputc         		CODE           	149AE	0000	202

C:\Program Files\Microchip\xc8\v2.46\pic\sources\c99\common\nf_fputc.c estimated size: 202

C:\Program Files\Microchip\xc8\v2.46\pic\sources\c99\common\awdiv.c
		___awdiv       		CODE           	14A78	0000	196

C:\Program Files\Microchip\xc8\v2.46\pic\sources\c99\common\awdiv.c estimated size: 196

C:\Program Files\Microchip\xc8\v2.46\pic\sources\c99\common\xxtofl.c
		___xxtofl      		CODE           	13758	0000	436

C:\Program Files\Microchip\xc8\v2.46\pic\sources\c99\common\xxtofl.c estimated size: 436

bme280.c
		_BME280_readMeasurements		CODE           	13C4C	0000	412
		_BME280_getTemperature		CODE           	15492	0000	98
		_BME280_compensateHumidity		CODE           	11DEE	0000	1102
		_BME280_getHumidity		CODE           	15556	0000	98
		_BME280_reset  		CODE           	152CA	0000	140
		_BME280_config 		CODE           	15C2E	0000	38
		_BME280_ctrl_meas		CODE           	15A86	0000	52
		_BME280_initializeSensor		CODE           	1390C	0000	416
		_BME280_compensateTemperature		CODE           	130A4	0000	618
		_BME280_startForcedSensing		CODE           	14FF2	0000	150
		_BME280_compensatePressure		CODE           	11244	0000	1770
		_BME280_ctrl_hum		CODE           	15E96	0000	8
		_BME280_getPressure		CODE           	154F4	0000	98
		_BME280_readFactoryCalibrationParams		CODE           	12D9E	0000	774

bme280.c estimated size: 5774

C:\Program Files\Microchip\xc8\v2.46\pic\sources\c99\common\flneg.c
		___flneg       		CODE           	15A4E	0000	56

C:\Program Files\Microchip\xc8\v2.46\pic\sources\c99\common\flneg.c estimated size: 56

mcc_generated_files/system/src/interrupt.c
		_INT0_SetInterruptHandler		CODE           	15E5C	0000	14
		_INT1_SetInterruptHandler		CODE           	15E4E	0000	14
		_INT2_SetInterruptHandler		CODE           	15E40	0000	14
		_INTERRUPT_Initialize		CODE           	1591C	0000	64
		_INTERRUPT_InterruptManager		CODE           	14F50	0000	162

mcc_generated_files/system/src/interrupt.c estimated size: 268

C:\Program Files\Microchip\xc8\v2.46\pic\sources\c99\common\__fpclassifyf.c
		___fpclassifyf 		CODE           	142A0	0000	254

C:\Program Files\Microchip\xc8\v2.46\pic\sources\c99\common\__fpclassifyf.c estimated size: 254

C:\Program Files\Microchip\xc8\v2.46\pic\sources\c99\common\sprcmul.c
		___flmul       		CODE           	1223C	0000	1066

C:\Program Files\Microchip\xc8\v2.46\pic\sources\c99\common\sprcmul.c estimated size: 1066

mcc_generated_files/adc/src/adcc.c
		_ADCC_GetSingleConversion		CODE           	15B7E	0000	46
		_ADCC_Initialize		CODE           	155B8	0000	96

mcc_generated_files/adc/src/adcc.c estimated size: 142

C:\Program Files\Microchip\xc8\v2.46\pic\sources\c99\common\strcpy.c
		_strcpy        		CODE           	159DA	0000	60

C:\Program Files\Microchip\xc8\v2.46\pic\sources\c99\common\strcpy.c estimated size: 60

C:\Program Files\Microchip\xc8\v2.46\pic\sources\c99\common\sprcdiv.c
		___fldiv       		CODE           	12A02	0000	924

C:\Program Files\Microchip\xc8\v2.46\pic\sources\c99\common\sprcdiv.c estimated size: 924

C:\Program Files\Microchip\xc8\v2.46\pic\sources\c99\common\fleq.c
		___fleq        		CODE           	14D60	0000	170

C:\Program Files\Microchip\xc8\v2.46\pic\sources\c99\common\fleq.c estimated size: 170

mcc_generated_files/i2c_host/src/i2c1.c
		_I2C1_CallbackRegister		CODE           	15CC6	0000	34
		_I2C1_RX_ISR   		CODE           	15D72	0000	22
		_I2C1_InterruptsEnable		CODE           	15DF6	0000	20
		_I2C1_WriteStart		CODE           	1595C	0000	64
		_I2C1_CounterGet		CODE           	15EF4	0000	6
		_I2C1_CounterSet		CODE           	15E9E	0000	8
		_I2C1_ReadStart		CODE           	15BDA	0000	42
		_I2C1_InterruptsClear		CODE           	15EC6	0000	8
		_I2C1_RestartEnable		CODE           	15EDC	0000	6
		_I2C1_ISR      		CODE           	15088	0000	148
		_I2C1_DataReceive		CODE           	15EE2	0000	6
		_I2C1_IsData   		CODE           	15D9E	0000	22
		_I2C1_IsNack   		CODE           	15D88	0000	22
		_I2C1_IsAddr   		CODE           	15DE0	0000	22
		_I2C1_IsBusy   		CODE           	15BAC	0000	46
		_I2C1_InterruptsDisable		CODE           	15E1E	0000	20
		_I2C1_BufferClear		CODE           	15E8C	0000	10
		_I2C1_BusReset 		CODE           	1599C	0000	62
		_I2C1_Initialize		CODE           	1542E	0000	100
		_I2C1_Close    		CODE           	15C04	0000	42
		_I2C1_IsBusCol 		CODE           	15DCA	0000	22
		_I2C1_ERROR_ISR		CODE           	14490	0000	236
		_I2C1_Write    		CODE           	157B4	0000	80
		_I2C1_ErrorFlagsClear		CODE           	15E82	0000	10
		_I2C1_TX_ISR   		CODE           	15D5C	0000	22
		_I2C1_StopSend 		CODE           	15CA0	0000	38
		_I2C1_RestartDisable		CODE           	15EEE	0000	6
		_I2C1_DataTransmit		CODE           	15EBE	0000	8
		_I2C1_AddrTransmit		CODE           	15EA6	0000	8
		_I2C1_IsBusTimeOut		CODE           	15DB4	0000	22
		_I2C1_DefaultCallback		CODE           	15EFC	0000	2
		_I2C1_WriteRead		CODE           	15764	0000	80
		_I2C1_StartSend		CODE           	15ED6	0000	6

mcc_generated_files/i2c_host/src/i2c1.c estimated size: 1250

mcc_generated_files/clc/src/clc1.c
		_CLC1_Initialize		CODE           	1584C	0000	70
		_CLC1_CallbackRegister		CODE           	15E6A	0000	14

mcc_generated_files/clc/src/clc1.c estimated size: 84

C:\Program Files\Microchip\xc8\v2.46\pic\sources\c99\common\doprnt.c
		_read_prec_or_width		CODE           	1474A	0000	206
		_vfpfcnvrt     		CODE           	12666	0000	924
		_efgtoa        		CODE           	10000	0000	2558
		_pad           		CODE           	14EAE	0000	162
		_ctoa          		CODE           	14818	0000	204
		_dtoa          		CODE           	13DE8	0000	382
		_vfprintf      		CODE           	15618	0000	86

C:\Program Files\Microchip\xc8\v2.46\pic\sources\c99\common\doprnt.c estimated size: 4522

C:\Program Files\Microchip\xc8\v2.46\pic\sources\c99\common\nf_sprintf.c
		_sprintf       		CODE           	156C4	0000	80

C:\Program Files\Microchip\xc8\v2.46\pic\sources\c99\common\nf_sprintf.c estimated size: 80

mcc_generated_files/system/src/pins.c
		_PIN_MANAGER_Initialize		CODE           	1457C	0000	234

mcc_generated_files/system/src/pins.c estimated size: 234

mcc_generated_files/timer/src/delay.c
		_DELAY_milliseconds		CODE           	15B4E	0000	48

mcc_generated_files/timer/src/delay.c estimated size: 48

shared
		_Font6x8       		MEDIUMCONST    	FB81	0000	552
		i2_I2C1_CounterSet		CODE           	15EB6	0000	8
		i2_I2C1_InterruptsEnable		CODE           	15E0A	0000	20
		_Timer2        		MEDIUMCONST    	FEF1	0000	18
		_Font16x16     		MEDIUMCONST    	FDA9	0000	256
		i2_I2C1_AddrTransmit		CODE           	15EAE	0000	8
		__initialization		CODE           	15356	0000	104
		_I2C1_Host     		MEDIUMCONST    	FED3	0000	30
		_SPI1_Host     		MEDIUMCONST    	FEA9	0000	42
		_Font8x16      		MEDIUMCONST    	F591	0000	1520
		_spi1_configuration		MEDIUMCONST    	FF03	0000	10
		i2_I2C1_StartSend		CODE           	15EE8	0000	6

shared estimated size: 2574

OLED128x64.c
		_OLED_CLS      		CODE           	15804	0000	72
		_OLED_Put8x16ASCII		CODE           	14666	0000	228
		_OLED_Put8x16Str		CODE           	13F66	0000	304
		_OLEDWrDat     		CODE           	1523C	0000	142
		_OLED_Init     		CODE           	14BFA	0000	182
		_OLEDWrCmd     		CODE           	151AE	0000	142
		_OLED_Set_Pos  		CODE           	15CE8	0000	34

OLED128x64.c estimated size: 1104

C:\Program Files\Microchip\xc8\v2.46\pic\sources\c99\common\__lldiv.c
		___lldiv       		CODE           	14E0A	0000	164

C:\Program Files\Microchip\xc8\v2.46\pic\sources\c99\common\__lldiv.c estimated size: 164

C:\Program Files\Microchip\xc8\v2.46\pic\sources\c99\common\putch.c
		_putch         		CODE           	15EFA	0000	2

C:\Program Files\Microchip\xc8\v2.46\pic\sources\c99\common\putch.c estimated size: 2

C:\Program Files\Microchip\xc8\v2.46\pic\sources\c99\common\Umul16.c
		___wmul        		CODE           	15C7A	0000	38

C:\Program Files\Microchip\xc8\v2.46\pic\sources\c99\common\Umul16.c estimated size: 38

C:\Program Files\Microchip\xc8\v2.46\pic\sources\c99\common\nf_fputs.c
		_fputs         		CODE           	158D8	0000	68

C:\Program Files\Microchip\xc8\v2.46\pic\sources\c99\common\nf_fputs.c estimated size: 68

C:\Program Files\Microchip\xc8\v2.46\pic\sources\c99\common\sprcadd.c
		___flsub       		CODE           	15892	0000	70
		___fladd       		CODE           	1192E	0000	1216

C:\Program Files\Microchip\xc8\v2.46\pic\sources\c99\common\sprcadd.c estimated size: 1286

C:\Program Files\Microchip\xc8\v2.46\pic\sources\c99\common\memcpy.c
		_memcpy        		CODE           	15714	0000	80

C:\Program Files\Microchip\xc8\v2.46\pic\sources\c99\common\memcpy.c estimated size: 80

mcc_generated_files/timer/src/tmr2.c
		_TMR2_Initialize		CODE           	15B1E	0000	48
		_TMR2_OverflowCallbackRegister		CODE           	15E32	0000	14

mcc_generated_files/timer/src/tmr2.c estimated size: 62

mcc_generated_files/system/src/clock.c
		_CLOCK_Initialize		CODE           	15D28	0000	28

mcc_generated_files/system/src/clock.c estimated size: 28

C:\Program Files\Microchip\xc8\v2.46\pic\sources\c99\common\labs.c
		_labs          		CODE           	1566E	0000	86

C:\Program Files\Microchip\xc8\v2.46\pic\sources\c99\common\labs.c estimated size: 86

C:\Program Files\Microchip\xc8\v2.46\pic\sources\c99\common\abs.c
		_abs           		CODE           	15ABA	0000	52

C:\Program Files\Microchip\xc8\v2.46\pic\sources\c99\common\abs.c estimated size: 52

C:\Program Files\Microchip\xc8\v2.46\pic\sources\c99\common\awmod.c
		___awmod       		CODE           	14CB0	0000	176

C:\Program Files\Microchip\xc8\v2.46\pic\sources\c99\common\awmod.c estimated size: 176

mcc_generated_files/pwm/src/ccp1.c
		_CCP1_Initialize		CODE           	15D44	0000	24

mcc_generated_files/pwm/src/ccp1.c estimated size: 24

main.c
		_WeatherStation_initialize		CODE           	15A16	0000	56
		_Mode2_Update  		CODE           	13AAC	0000	416
		_WS2812_Data_Update		CODE           	1511C	0000	146
		_main          		CODE           	109FE	0000	2118
		_WeatherClick_readSensors		CODE           	15E78	0000	10
		_WS2812_Status_Update		CODE           	14B3C	0000	190
		_Mode0_Update  		CODE           	1439E	0000	242
		_Mode1_Update  		CODE           	1330E	0000	564

main.c estimated size: 3742

C:\Program Files\Microchip\xc8\v2.46\pic\sources\c99\common\Umul32.c
		___lmul        		CODE           	153C4	0000	106

C:\Program Files\Microchip\xc8\v2.46\pic\sources\c99\common\Umul32.c estimated size: 106

mcc_generated_files/system/src/system.c
		_SYSTEM_Initialize		CODE           	15C54	0000	38

mcc_generated_files/system/src/system.c estimated size: 38

mcc_generated_files/spi/src/spi1.c
		_SPI1_Open     		CODE           	148E4	0000	202
		_SPI1_Initialize		CODE           	15D0A	0000	30
		_SPI1_IsTxReady		CODE           	15AEE	0000	48

mcc_generated_files/spi/src/spi1.c estimated size: 280

C:\Program Files\Microchip\xc8\v2.46\pic\sources\c99\common\flge.c
		___flge        		CODE           	1419C	0000	260

C:\Program Files\Microchip\xc8\v2.46\pic\sources\c99\common\flge.c estimated size: 260

